// Jest Snapshot v1, https://goo.gl/fbAQLP

exports[`should match Snapshot 1`] = `
<Modal
  animationType="none"
  hardwareAccelerated={false}
  transparent={false}
  visible={true}
>
  <View
    style={
      Object {
        "alignItems": "center",
        "backgroundColor": "#4e8098",
        "flex": 1,
        "justifyContent": "center",
      }
    }
  >
    <View>
      <Text
        accessible={true}
        allowFontScaling={true}
        ellipsizeMode="tail"
      />
    </View>
    <View>
      <Text
        accessible={true}
        allowFontScaling={true}
        collapsable={undefined}
        ellipsizeMode="tail"
        style={
          Object {
            "alignItems": "center",
            "color": "#fff",
            "fontSize": 26,
            "fontWeight": "bold",
            "opacity": 0,
            "transform": Array [
              Object {
                "scale": 0.1,
              },
            ],
          }
        }
      >
        FlashCards
      </Text>
    </View>
  </View>
</Modal>
`;
