// Jest Snapshot v1, https://goo.gl/fbAQLP

exports[`should match Snapshot 1`] = `
<RCTScrollView>
  <View>
    <View
      style={
        Object {
          "flex": 1,
          "padding": 26,
        }
      }
    >
      <View
        style={
          Object {
            "flex": 1,
            "flexDirection": "row",
          }
        }
      >
        <Text
          accessible={true}
          allowFontScaling={true}
          ellipsizeMode="tail"
          style={
            Object {
              "color": "#737373",
              "fontSize": 14,
            }
          }
        >
          1 Card  |
        </Text>
        <View
          accessibilityComponentType={undefined}
          accessibilityLabel={undefined}
          accessibilityTraits={undefined}
          accessible={true}
          collapsable={undefined}
          hasTVPreferredFocus={undefined}
          hitSlop={undefined}
          isTVSelectable={true}
          nativeID={undefined}
          onLayout={undefined}
          onResponderGrant={[Function]}
          onResponderMove={[Function]}
          onResponderRelease={[Function]}
          onResponderTerminate={[Function]}
          onResponderTerminationRequest={[Function]}
          onStartShouldSetResponder={[Function]}
          style={
            Object {
              "opacity": 1,
            }
          }
          testID={undefined}
          tvParallaxProperties={undefined}
        >
          <Text
            accessible={true}
            allowFontScaling={true}
            ellipsizeMode="tail"
            style={
              Array [
                Object {
                  "color": "#e63946",
                  "fontSize": 14,
                  "marginLeft": 7,
                  "marginTop": 0.5,
                  "opacity": 0.8,
                },
                Object {
                  "marginRight": 10,
                },
              ]
            }
          >
            DELETE
          </Text>
        </View>
      </View>
      <Text
        accessible={true}
        allowFontScaling={true}
        ellipsizeMode="tail"
        style={
          Object {
            "color": "#404040",
            "fontSize": 20,
            "fontWeight": "bold",
          }
        }
      >
        reactAndThings
      </Text>
      <View
        style={
          Object {
            "flexDirection": "row",
            "justifyContent": "space-around",
            "marginTop": 30,
          }
        }
      >
        <View
          accessibilityComponentType={undefined}
          accessibilityLabel={undefined}
          accessibilityTraits={undefined}
          accessible={true}
          collapsable={undefined}
          hasTVPreferredFocus={undefined}
          hitSlop={undefined}
          isTVSelectable={true}
          nativeID={undefined}
          onLayout={undefined}
          onResponderGrant={[Function]}
          onResponderMove={[Function]}
          onResponderRelease={[Function]}
          onResponderTerminate={[Function]}
          onResponderTerminationRequest={[Function]}
          onStartShouldSetResponder={[Function]}
          style={
            Object {
              "backgroundColor": "#fff",
              "borderBottomWidth": 4,
              "borderColor": "#a8dadc",
              "flex": 1,
              "marginBottom": 20,
              "marginLeft": 10,
              "marginRight": 10,
              "marginTop": 10,
              "opacity": 1,
              "shadowColor": "rgba(0,0,0,0.24)",
              "shadowOffset": Object {
                "height": 3,
                "width": 0,
              },
              "shadowOpacity": 0.8,
              "shadowRadius": 3,
            }
          }
          testID={undefined}
          tvParallaxProperties={undefined}
        >
          <View>
            <Text
              accessible={true}
              allowFontScaling={true}
              ellipsizeMode="tail"
              style={
                Object {
                  "paddingBottom": 10,
                  "paddingTop": 10,
                  "textAlign": "center",
                }
              }
            >
              <Text
                accessible={true}
                allowFontScaling={true}
                ellipsizeMode="tail"
              />
            </Text>
            <Text
              accessible={true}
              allowFontScaling={true}
              ellipsizeMode="tail"
              style={
                Array [
                  Object {
                    "fontSize": 14,
                    "marginBottom": 5,
                    "textAlign": "center",
                  },
                  Object {
                    "color": "#a8dadc",
                  },
                ]
              }
            >
              TAKE QUIZ
            </Text>
          </View>
        </View>
        <View
          accessibilityComponentType={undefined}
          accessibilityLabel={undefined}
          accessibilityTraits={undefined}
          accessible={true}
          collapsable={undefined}
          hasTVPreferredFocus={undefined}
          hitSlop={undefined}
          isTVSelectable={true}
          nativeID={undefined}
          onLayout={undefined}
          onResponderGrant={[Function]}
          onResponderMove={[Function]}
          onResponderRelease={[Function]}
          onResponderTerminate={[Function]}
          onResponderTerminationRequest={[Function]}
          onStartShouldSetResponder={[Function]}
          style={
            Object {
              "backgroundColor": "#fff",
              "borderBottomWidth": 4,
              "borderColor": "#a8dadc",
              "flex": 1,
              "marginBottom": 20,
              "marginLeft": 10,
              "marginRight": 10,
              "marginTop": 10,
              "opacity": 1,
              "shadowColor": "rgba(0,0,0,0.24)",
              "shadowOffset": Object {
                "height": 3,
                "width": 0,
              },
              "shadowOpacity": 0.8,
              "shadowRadius": 3,
            }
          }
          testID={undefined}
          tvParallaxProperties={undefined}
        >
          <View>
            <Text
              accessible={true}
              allowFontScaling={true}
              ellipsizeMode="tail"
              style={
                Object {
                  "paddingBottom": 10,
                  "paddingTop": 10,
                  "textAlign": "center",
                }
              }
            >
              <Text
                accessible={true}
                allowFontScaling={true}
                ellipsizeMode="tail"
              />
            </Text>
            <Text
              accessible={true}
              allowFontScaling={true}
              ellipsizeMode="tail"
              style={
                Array [
                  Object {
                    "fontSize": 14,
                    "marginBottom": 5,
                    "textAlign": "center",
                  },
                  Object {
                    "color": "#a8dadc",
                  },
                ]
              }
            >
              ADD CARD
            </Text>
          </View>
        </View>
      </View>
      <Text
        accessible={true}
        allowFontScaling={true}
        ellipsizeMode="tail"
        style={
          Object {
            "color": "#404040",
            "fontSize": 20,
            "fontWeight": "bold",
          }
        }
      >
        Cards
      </Text>
      <View
        style={
          Object {
            "backgroundColor": "#fff",
            "borderRadius": 2,
            "justifyContent": "center",
            "marginLeft": 10,
            "marginRight": 10,
            "marginTop": 17,
            "padding": 20,
            "shadowColor": "rgba(0,0,0,0.24)",
            "shadowOffset": Object {
              "height": 3,
              "width": 0,
            },
            "shadowOpacity": 0.8,
          }
        }
      >
        <Text
          accessible={true}
          allowFontScaling={true}
          ellipsizeMode="tail"
        >
          b
        </Text>
      </View>
    </View>
  </View>
</RCTScrollView>
`;
