// Jest Snapshot v1, https://goo.gl/fbAQLP

exports[`should render snapshot 1`] = `
ShallowWrapper {
  Symbol(enzyme.__root__): [Circular],
  Symbol(enzyme.__unrendered__): <CircleScore
    percent={50}
    size={130}
    textSize={
      Object {
        "fontSize": 34,
      }
    }
    width={5}
  />,
  Symbol(enzyme.__renderer__): Object {
    "batchedUpdates": [Function],
    "getNode": [Function],
    "render": [Function],
    "simulateError": [Function],
    "simulateEvent": [Function],
    "unmount": [Function],
  },
  Symbol(enzyme.__node__): Object {
    "instance": null,
    "key": undefined,
    "nodeType": "class",
    "props": Object {
      "arcSweepAngle": 225,
      "backgroundColor": "#f2f2f2",
      "children": [Function],
      "duration": 1000,
      "easing": [Function],
      "fill": 50,
      "lineCap": "round",
      "prefill": 0,
      "rotation": 247.5,
      "size": 130,
      "tintColor": "#e3b505",
      "width": 5,
    },
    "ref": null,
    "rendered": [Function],
    "type": [Function],
  },
  Symbol(enzyme.__nodes__): Array [
    Object {
      "instance": null,
      "key": undefined,
      "nodeType": "class",
      "props": Object {
        "arcSweepAngle": 225,
        "backgroundColor": "#f2f2f2",
        "children": [Function],
        "duration": 1000,
        "easing": [Function],
        "fill": 50,
        "lineCap": "round",
        "prefill": 0,
        "rotation": 247.5,
        "size": 130,
        "tintColor": "#e3b505",
        "width": 5,
      },
      "ref": null,
      "rendered": [Function],
      "type": [Function],
    },
  ],
  Symbol(enzyme.__options__): Object {
    "adapter": ReactSixteenAdapter {
      "options": Object {
        "enableComponentDidUpdateOnSetState": true,
        "lifecycles": Object {
          "componentDidUpdate": Object {
            "onSetState": true,
          },
          "getDerivedStateFromProps": true,
          "getSnapshotBeforeUpdate": true,
          "setState": Object {
            "skipsComponentDidUpdateOnNullish": true,
          },
        },
      },
    },
    "attachTo": undefined,
    "hydrateIn": undefined,
  },
}
`;
