// Jest Snapshot v1, https://goo.gl/fbAQLP

exports[`should match Snapshot 1`] = `
ShallowWrapper {
  Symbol(enzyme.__root__): [Circular],
  Symbol(enzyme.__unrendered__): <DeckList
    decks={
      Object {
        "React": Object {
          "questions": Array [
            Object {
              "answer": "A library for managing user interfacesA library for managing user interfacesA library for managing user interfacesA library for managing user interfacesA library for managing user interfacesA library for managing user interfacesA library for managing user interfacesA library for managing user interfacesA library for managing user interfacesA library for managing user interfacesA library for managing user interfacesA library for managing user interfacesA library for managing user interfacesA library for managing user interfacesA library for managing user interfacesA library for managing user interfacesA library for managing user interfacesA library for managing user interfacesA library for managing user interfacesA library for managing user interfacesA library for managing user interfacesA library for managing user interfaces",
              "question": "What is ReactWhat is ReactWhat is ReactWhat is ReactWhat is ReactWhat is ReactWhat is ReactWhat is ReactWhat is ReactWhat is ReactWhat is ReactWhat is ReactWhat is React?",
            },
            Object {
              "answer": "The componentDidMount lifecycle event",
              "question": "Where do you make Ajax requests in React?",
            },
          ],
          "recentScore": 35,
          "timeStamp": 1534284894237,
          "title": "React",
        },
      }
    }
  />,
  Symbol(enzyme.__renderer__): Object {
    "batchedUpdates": [Function],
    "getNode": [Function],
    "render": [Function],
    "simulateError": [Function],
    "simulateEvent": [Function],
    "unmount": [Function],
  },
  Symbol(enzyme.__node__): Object {
    "instance": null,
    "key": undefined,
    "nodeType": "class",
    "props": Object {
      "children": Array [
        <Component>
          <TouchableOpacity
            activeOpacity={0.2}
            onPress={[Function]}
            style={
              Object {
                "backgroundColor": "#e63946",
                "borderRadius": 2,
                "justifyContent": "center",
                "marginLeft": 12,
                "marginRight": 12,
                "marginTop": 17,
                "padding": 24,
                "shadowColor": "rgba(0,0,0,0.24)",
                "shadowOffset": Object {
                  "height": 3,
                  "width": 0,
                },
                "shadowOpacity": 0.8,
              }
            }
          >
            <Text
              accessible={true}
              allowFontScaling={true}
              ellipsizeMode="tail"
              style={
                Object {
                  "color": "#fff",
                  "fontSize": 22,
                  "textAlign": "center",
                }
              }
            >
              Create a new deck
            </Text>
          </TouchableOpacity>
        </Component>,
        null,
        <Component
          style={
            Object {
              "marginBottom": 57,
            }
          }
        >
          <Component
            style={
              Object {
                "alignItems": "center",
                "flex": 1,
                "justifyContent": "center",
              }
            }
          >
            <Component
              style={
                Object {
                  "borderBottomColor": "#e1e8f0",
                  "borderBottomWidth": 1,
                }
              }
            >
              <Text
                accessible={true}
                allowFontScaling={true}
                ellipsizeMode="tail"
                style={
                  Array [
                    Object {
                      "color": "#404040",
                      "fontSize": 23,
                      "fontWeight": "bold",
                      "marginTop": 100,
                      "textAlign": "center",
                    },
                  ]
                }
              >
                Welcome to FlashCards!
              </Text>
            </Component>
            <Text
              accessible={true}
              allowFontScaling={true}
              ellipsizeMode="tail"
              style={
                Array [
                  Object {
                    "fontSize": 17,
                    "fontWeight": "bold",
                    "marginTop": 20,
                    "opacity": 0.6,
                    "textAlign": "center",
                  },
                ]
              }
            >
              Get started by creating your own decks.
            </Text>
          </Component>
        </Component>,
      ],
      "style": Object {
        "flex": 1,
        "padding": 20,
      },
    },
    "ref": null,
    "rendered": Array [
      Object {
        "instance": null,
        "key": undefined,
        "nodeType": "class",
        "props": Object {
          "children": <TouchableOpacity
            activeOpacity={0.2}
            onPress={[Function]}
            style={
              Object {
                "backgroundColor": "#e63946",
                "borderRadius": 2,
                "justifyContent": "center",
                "marginLeft": 12,
                "marginRight": 12,
                "marginTop": 17,
                "padding": 24,
                "shadowColor": "rgba(0,0,0,0.24)",
                "shadowOffset": Object {
                  "height": 3,
                  "width": 0,
                },
                "shadowOpacity": 0.8,
              }
            }
          >
            <Text
              accessible={true}
              allowFontScaling={true}
              ellipsizeMode="tail"
              style={
                Object {
                  "color": "#fff",
                  "fontSize": 22,
                  "textAlign": "center",
                }
              }
            >
              Create a new deck
            </Text>
          </TouchableOpacity>,
        },
        "ref": null,
        "rendered": Object {
          "instance": null,
          "key": undefined,
          "nodeType": "class",
          "props": Object {
            "activeOpacity": 0.2,
            "children": <Text
              accessible={true}
              allowFontScaling={true}
              ellipsizeMode="tail"
              style={
                Object {
                  "color": "#fff",
                  "fontSize": 22,
                  "textAlign": "center",
                }
              }
            >
              Create a new deck
            </Text>,
            "onPress": [Function],
            "style": Object {
              "backgroundColor": "#e63946",
              "borderRadius": 2,
              "justifyContent": "center",
              "marginLeft": 12,
              "marginRight": 12,
              "marginTop": 17,
              "padding": 24,
              "shadowColor": "rgba(0,0,0,0.24)",
              "shadowOffset": Object {
                "height": 3,
                "width": 0,
              },
              "shadowOpacity": 0.8,
            },
          },
          "ref": null,
          "rendered": Object {
            "instance": null,
            "key": undefined,
            "nodeType": "class",
            "props": Object {
              "accessible": true,
              "allowFontScaling": true,
              "children": "Create a new deck",
              "ellipsizeMode": "tail",
              "style": Object {
                "color": "#fff",
                "fontSize": 22,
                "textAlign": "center",
              },
            },
            "ref": null,
            "rendered": "Create a new deck",
            "type": [Function],
          },
          "type": [Function],
        },
        "type": [Function],
      },
      null,
      Object {
        "instance": null,
        "key": undefined,
        "nodeType": "class",
        "props": Object {
          "children": <Component
            style={
              Object {
                "alignItems": "center",
                "flex": 1,
                "justifyContent": "center",
              }
            }
          >
            <Component
              style={
                Object {
                  "borderBottomColor": "#e1e8f0",
                  "borderBottomWidth": 1,
                }
              }
            >
              <Text
                accessible={true}
                allowFontScaling={true}
                ellipsizeMode="tail"
                style={
                  Array [
                    Object {
                      "color": "#404040",
                      "fontSize": 23,
                      "fontWeight": "bold",
                      "marginTop": 100,
                      "textAlign": "center",
                    },
                  ]
                }
              >
                Welcome to FlashCards!
              </Text>
            </Component>
            <Text
              accessible={true}
              allowFontScaling={true}
              ellipsizeMode="tail"
              style={
                Array [
                  Object {
                    "fontSize": 17,
                    "fontWeight": "bold",
                    "marginTop": 20,
                    "opacity": 0.6,
                    "textAlign": "center",
                  },
                ]
              }
            >
              Get started by creating your own decks.
            </Text>
          </Component>,
          "style": Object {
            "marginBottom": 57,
          },
        },
        "ref": null,
        "rendered": Object {
          "instance": null,
          "key": undefined,
          "nodeType": "class",
          "props": Object {
            "children": Array [
              <Component
                style={
                  Object {
                    "borderBottomColor": "#e1e8f0",
                    "borderBottomWidth": 1,
                  }
                }
              >
                <Text
                  accessible={true}
                  allowFontScaling={true}
                  ellipsizeMode="tail"
                  style={
                    Array [
                      Object {
                        "color": "#404040",
                        "fontSize": 23,
                        "fontWeight": "bold",
                        "marginTop": 100,
                        "textAlign": "center",
                      },
                    ]
                  }
                >
                  Welcome to FlashCards!
                </Text>
              </Component>,
              <Text
                accessible={true}
                allowFontScaling={true}
                ellipsizeMode="tail"
                style={
                  Array [
                    Object {
                      "fontSize": 17,
                      "fontWeight": "bold",
                      "marginTop": 20,
                      "opacity": 0.6,
                      "textAlign": "center",
                    },
                  ]
                }
              >
                Get started by creating your own decks.
              </Text>,
            ],
            "style": Object {
              "alignItems": "center",
              "flex": 1,
              "justifyContent": "center",
            },
          },
          "ref": null,
          "rendered": Array [
            Object {
              "instance": null,
              "key": undefined,
              "nodeType": "class",
              "props": Object {
                "children": <Text
                  accessible={true}
                  allowFontScaling={true}
                  ellipsizeMode="tail"
                  style={
                    Array [
                      Object {
                        "color": "#404040",
                        "fontSize": 23,
                        "fontWeight": "bold",
                        "marginTop": 100,
                        "textAlign": "center",
                      },
                    ]
                  }
                >
                  Welcome to FlashCards!
                </Text>,
                "style": Object {
                  "borderBottomColor": "#e1e8f0",
                  "borderBottomWidth": 1,
                },
              },
              "ref": null,
              "rendered": Object {
                "instance": null,
                "key": undefined,
                "nodeType": "class",
                "props": Object {
                  "accessible": true,
                  "allowFontScaling": true,
                  "children": "Welcome to FlashCards!",
                  "ellipsizeMode": "tail",
                  "style": Array [
                    Object {
                      "color": "#404040",
                      "fontSize": 23,
                      "fontWeight": "bold",
                      "marginTop": 100,
                      "textAlign": "center",
                    },
                  ],
                },
                "ref": null,
                "rendered": "Welcome to FlashCards!",
                "type": [Function],
              },
              "type": [Function],
            },
            Object {
              "instance": null,
              "key": undefined,
              "nodeType": "class",
              "props": Object {
                "accessible": true,
                "allowFontScaling": true,
                "children": "Get started by creating your own decks.",
                "ellipsizeMode": "tail",
                "style": Array [
                  Object {
                    "fontSize": 17,
                    "fontWeight": "bold",
                    "marginTop": 20,
                    "opacity": 0.6,
                    "textAlign": "center",
                  },
                ],
              },
              "ref": null,
              "rendered": "Get started by creating your own decks.",
              "type": [Function],
            },
          ],
          "type": [Function],
        },
        "type": [Function],
      },
    ],
    "type": [MockFunction],
  },
  Symbol(enzyme.__nodes__): Array [
    Object {
      "instance": null,
      "key": undefined,
      "nodeType": "class",
      "props": Object {
        "children": Array [
          <Component>
            <TouchableOpacity
              activeOpacity={0.2}
              onPress={[Function]}
              style={
                Object {
                  "backgroundColor": "#e63946",
                  "borderRadius": 2,
                  "justifyContent": "center",
                  "marginLeft": 12,
                  "marginRight": 12,
                  "marginTop": 17,
                  "padding": 24,
                  "shadowColor": "rgba(0,0,0,0.24)",
                  "shadowOffset": Object {
                    "height": 3,
                    "width": 0,
                  },
                  "shadowOpacity": 0.8,
                }
              }
            >
              <Text
                accessible={true}
                allowFontScaling={true}
                ellipsizeMode="tail"
                style={
                  Object {
                    "color": "#fff",
                    "fontSize": 22,
                    "textAlign": "center",
                  }
                }
              >
                Create a new deck
              </Text>
            </TouchableOpacity>
          </Component>,
          null,
          <Component
            style={
              Object {
                "marginBottom": 57,
              }
            }
          >
            <Component
              style={
                Object {
                  "alignItems": "center",
                  "flex": 1,
                  "justifyContent": "center",
                }
              }
            >
              <Component
                style={
                  Object {
                    "borderBottomColor": "#e1e8f0",
                    "borderBottomWidth": 1,
                  }
                }
              >
                <Text
                  accessible={true}
                  allowFontScaling={true}
                  ellipsizeMode="tail"
                  style={
                    Array [
                      Object {
                        "color": "#404040",
                        "fontSize": 23,
                        "fontWeight": "bold",
                        "marginTop": 100,
                        "textAlign": "center",
                      },
                    ]
                  }
                >
                  Welcome to FlashCards!
                </Text>
              </Component>
              <Text
                accessible={true}
                allowFontScaling={true}
                ellipsizeMode="tail"
                style={
                  Array [
                    Object {
                      "fontSize": 17,
                      "fontWeight": "bold",
                      "marginTop": 20,
                      "opacity": 0.6,
                      "textAlign": "center",
                    },
                  ]
                }
              >
                Get started by creating your own decks.
              </Text>
            </Component>
          </Component>,
        ],
        "style": Object {
          "flex": 1,
          "padding": 20,
        },
      },
      "ref": null,
      "rendered": Array [
        Object {
          "instance": null,
          "key": undefined,
          "nodeType": "class",
          "props": Object {
            "children": <TouchableOpacity
              activeOpacity={0.2}
              onPress={[Function]}
              style={
                Object {
                  "backgroundColor": "#e63946",
                  "borderRadius": 2,
                  "justifyContent": "center",
                  "marginLeft": 12,
                  "marginRight": 12,
                  "marginTop": 17,
                  "padding": 24,
                  "shadowColor": "rgba(0,0,0,0.24)",
                  "shadowOffset": Object {
                    "height": 3,
                    "width": 0,
                  },
                  "shadowOpacity": 0.8,
                }
              }
            >
              <Text
                accessible={true}
                allowFontScaling={true}
                ellipsizeMode="tail"
                style={
                  Object {
                    "color": "#fff",
                    "fontSize": 22,
                    "textAlign": "center",
                  }
                }
              >
                Create a new deck
              </Text>
            </TouchableOpacity>,
          },
          "ref": null,
          "rendered": Object {
            "instance": null,
            "key": undefined,
            "nodeType": "class",
            "props": Object {
              "activeOpacity": 0.2,
              "children": <Text
                accessible={true}
                allowFontScaling={true}
                ellipsizeMode="tail"
                style={
                  Object {
                    "color": "#fff",
                    "fontSize": 22,
                    "textAlign": "center",
                  }
                }
              >
                Create a new deck
              </Text>,
              "onPress": [Function],
              "style": Object {
                "backgroundColor": "#e63946",
                "borderRadius": 2,
                "justifyContent": "center",
                "marginLeft": 12,
                "marginRight": 12,
                "marginTop": 17,
                "padding": 24,
                "shadowColor": "rgba(0,0,0,0.24)",
                "shadowOffset": Object {
                  "height": 3,
                  "width": 0,
                },
                "shadowOpacity": 0.8,
              },
            },
            "ref": null,
            "rendered": Object {
              "instance": null,
              "key": undefined,
              "nodeType": "class",
              "props": Object {
                "accessible": true,
                "allowFontScaling": true,
                "children": "Create a new deck",
                "ellipsizeMode": "tail",
                "style": Object {
                  "color": "#fff",
                  "fontSize": 22,
                  "textAlign": "center",
                },
              },
              "ref": null,
              "rendered": "Create a new deck",
              "type": [Function],
            },
            "type": [Function],
          },
          "type": [Function],
        },
        null,
        Object {
          "instance": null,
          "key": undefined,
          "nodeType": "class",
          "props": Object {
            "children": <Component
              style={
                Object {
                  "alignItems": "center",
                  "flex": 1,
                  "justifyContent": "center",
                }
              }
            >
              <Component
                style={
                  Object {
                    "borderBottomColor": "#e1e8f0",
                    "borderBottomWidth": 1,
                  }
                }
              >
                <Text
                  accessible={true}
                  allowFontScaling={true}
                  ellipsizeMode="tail"
                  style={
                    Array [
                      Object {
                        "color": "#404040",
                        "fontSize": 23,
                        "fontWeight": "bold",
                        "marginTop": 100,
                        "textAlign": "center",
                      },
                    ]
                  }
                >
                  Welcome to FlashCards!
                </Text>
              </Component>
              <Text
                accessible={true}
                allowFontScaling={true}
                ellipsizeMode="tail"
                style={
                  Array [
                    Object {
                      "fontSize": 17,
                      "fontWeight": "bold",
                      "marginTop": 20,
                      "opacity": 0.6,
                      "textAlign": "center",
                    },
                  ]
                }
              >
                Get started by creating your own decks.
              </Text>
            </Component>,
            "style": Object {
              "marginBottom": 57,
            },
          },
          "ref": null,
          "rendered": Object {
            "instance": null,
            "key": undefined,
            "nodeType": "class",
            "props": Object {
              "children": Array [
                <Component
                  style={
                    Object {
                      "borderBottomColor": "#e1e8f0",
                      "borderBottomWidth": 1,
                    }
                  }
                >
                  <Text
                    accessible={true}
                    allowFontScaling={true}
                    ellipsizeMode="tail"
                    style={
                      Array [
                        Object {
                          "color": "#404040",
                          "fontSize": 23,
                          "fontWeight": "bold",
                          "marginTop": 100,
                          "textAlign": "center",
                        },
                      ]
                    }
                  >
                    Welcome to FlashCards!
                  </Text>
                </Component>,
                <Text
                  accessible={true}
                  allowFontScaling={true}
                  ellipsizeMode="tail"
                  style={
                    Array [
                      Object {
                        "fontSize": 17,
                        "fontWeight": "bold",
                        "marginTop": 20,
                        "opacity": 0.6,
                        "textAlign": "center",
                      },
                    ]
                  }
                >
                  Get started by creating your own decks.
                </Text>,
              ],
              "style": Object {
                "alignItems": "center",
                "flex": 1,
                "justifyContent": "center",
              },
            },
            "ref": null,
            "rendered": Array [
              Object {
                "instance": null,
                "key": undefined,
                "nodeType": "class",
                "props": Object {
                  "children": <Text
                    accessible={true}
                    allowFontScaling={true}
                    ellipsizeMode="tail"
                    style={
                      Array [
                        Object {
                          "color": "#404040",
                          "fontSize": 23,
                          "fontWeight": "bold",
                          "marginTop": 100,
                          "textAlign": "center",
                        },
                      ]
                    }
                  >
                    Welcome to FlashCards!
                  </Text>,
                  "style": Object {
                    "borderBottomColor": "#e1e8f0",
                    "borderBottomWidth": 1,
                  },
                },
                "ref": null,
                "rendered": Object {
                  "instance": null,
                  "key": undefined,
                  "nodeType": "class",
                  "props": Object {
                    "accessible": true,
                    "allowFontScaling": true,
                    "children": "Welcome to FlashCards!",
                    "ellipsizeMode": "tail",
                    "style": Array [
                      Object {
                        "color": "#404040",
                        "fontSize": 23,
                        "fontWeight": "bold",
                        "marginTop": 100,
                        "textAlign": "center",
                      },
                    ],
                  },
                  "ref": null,
                  "rendered": "Welcome to FlashCards!",
                  "type": [Function],
                },
                "type": [Function],
              },
              Object {
                "instance": null,
                "key": undefined,
                "nodeType": "class",
                "props": Object {
                  "accessible": true,
                  "allowFontScaling": true,
                  "children": "Get started by creating your own decks.",
                  "ellipsizeMode": "tail",
                  "style": Array [
                    Object {
                      "fontSize": 17,
                      "fontWeight": "bold",
                      "marginTop": 20,
                      "opacity": 0.6,
                      "textAlign": "center",
                    },
                  ],
                },
                "ref": null,
                "rendered": "Get started by creating your own decks.",
                "type": [Function],
              },
            ],
            "type": [Function],
          },
          "type": [Function],
        },
      ],
      "type": [MockFunction],
    },
  ],
  Symbol(enzyme.__options__): Object {
    "adapter": ReactSixteenAdapter {
      "options": Object {
        "enableComponentDidUpdateOnSetState": true,
        "lifecycles": Object {
          "componentDidUpdate": Object {
            "onSetState": true,
          },
          "getDerivedStateFromProps": true,
          "getSnapshotBeforeUpdate": true,
          "setState": Object {
            "skipsComponentDidUpdateOnNullish": true,
          },
        },
      },
    },
    "attachTo": undefined,
    "hydrateIn": undefined,
  },
}
`;
